============================================================
Starting mmFormer Training (Option A: 36.65M Params)
Device        : cuda:0
Epochs        : 300
Batch Size    : 1
Learning Rate : 0.0002
Weight Decay  : 0.0001
Patch Size    : [128, 128, 128]
AMP (Mixed P) : True
Checkpoints   : checkpoints/mmformer
Smoke Test    : False
============================================================
[Training] Loaded splits: 258 train, 55 val patients.
[Training] mmFormer Model initialized with 36.65M parameters.
[MMFormerAdapter] Using supplied custom PyTorch network on cuda:0.
warnings.warn(
Epoch [1/300] (183.1s) - Loss: 7.6442 (Fuse: 0.8795, Sep: 3.5428, PRM: 3.2219) | LR: 0.000200
Epoch [2/300] (182.8s) - Loss: 6.8914 (Fuse: 0.7951, Sep: 3.1728, PRM: 2.9236) | LR: 0.000199
Epoch [3/300] (182.0s) - Loss: 6.5124 (Fuse: 0.7537, Sep: 2.9758, PRM: 2.7829) | LR: 0.000199
Epoch [4/300] (182.2s) - Loss: 6.1867 (Fuse: 0.7036, Sep: 2.8127, PRM: 2.6704) | LR: 0.000198
Epoch [5/300] (182.3s) - Loss: 5.9885 (Fuse: 0.6553, Sep: 2.6995, PRM: 2.6337) | LR: 0.000198
Epoch [6/300] (181.9s) - Loss: 5.8493 (Fuse: 0.6161, Sep: 2.6401, PRM: 2.5931) | LR: 0.000197
Epoch [7/300] (182.2s) - Loss: 5.7799 (Fuse: 0.6003, Sep: 2.5892, PRM: 2.5904) | LR: 0.000196
Epoch [8/300] (182.6s) - Loss: 5.6172 (Fuse: 0.5679, Sep: 2.5331, PRM: 2.5163) | LR: 0.000196
Epoch [9/300] (182.3s) - Loss: 5.5880 (Fuse: 0.5624, Sep: 2.5010, PRM: 2.5246) | LR: 0.000195
Epoch [10/300] (181.8s) - Loss: 5.4469 (Fuse: 0.5389, Sep: 2.4409, PRM: 2.4671) | LR: 0.000195
Epoch [11/300] (182.2s) - Loss: 5.3415 (Fuse: 0.5123, Sep: 2.4145, PRM: 2.4147) | LR: 0.000194
Epoch [12/300] (182.1s) - Loss: 5.3163 (Fuse: 0.5193, Sep: 2.3599, PRM: 2.4371) | LR: 0.000193
Epoch [13/300] (182.1s) - Loss: 5.3070 (Fuse: 0.5163, Sep: 2.3649, PRM: 2.4259) | LR: 0.000193
Epoch [14/300] (182.2s) - Loss: 5.1732 (Fuse: 0.4940, Sep: 2.3034, PRM: 2.3758) | LR: 0.000192
Epoch [15/300] (181.9s) - Loss: 5.1737 (Fuse: 0.4983, Sep: 2.2897, PRM: 2.3856) | LR: 0.000192
Epoch [16/300] (181.9s) - Loss: 5.0880 (Fuse: 0.4816, Sep: 2.2644, PRM: 2.3419) | LR: 0.000191
Epoch [17/300] (183.1s) - Loss: 5.0936 (Fuse: 0.4735, Sep: 2.2882, PRM: 2.3319) | LR: 0.000190
Epoch [18/300] (182.3s) - Loss: 5.1200 (Fuse: 0.4842, Sep: 2.2686, PRM: 2.3673) | LR: 0.000190
Epoch [19/300] (182.9s) - Loss: 5.1314 (Fuse: 0.4905, Sep: 2.2650, PRM: 2.3759) | LR: 0.000189
Epoch [20/300] (182.5s) - Loss: 5.0092 (Fuse: 0.4710, Sep: 2.2202, PRM: 2.3180) | LR: 0.000189
[Validation] Evaluating epoch 20...
[Validation] Epoch [20/300] - Mean Dice: 0.6724 (WT: 0.7684, TC: 0.6629, ET: 0.5860) | HD95: 53.52
[Validation] New best model saved to checkpoints/mmformer/model_best.pth with Mean Dice: 0.6724
Epoch [21/300] (183.5s) - Loss: 5.1703 (Fuse: 0.4958, Sep: 2.2874, PRM: 2.3870) | LR: 0.000188
Epoch [22/300] (182.7s) - Loss: 5.1437 (Fuse: 0.4926, Sep: 2.2730, PRM: 2.3782) | LR: 0.000187
Epoch [23/300] (182.7s) - Loss: 5.0656 (Fuse: 0.4819, Sep: 2.2277, PRM: 2.3560) | LR: 0.000187
Epoch [24/300] (182.9s) - Loss: 5.0305 (Fuse: 0.4828, Sep: 2.2029, PRM: 2.3448) | LR: 0.000186
Epoch [25/300] (183.0s) - Loss: 4.9309 (Fuse: 0.4543, Sep: 2.1840, PRM: 2.2926) | LR: 0.000186
Epoch [26/300] (182.8s) - Loss: 4.9100 (Fuse: 0.4539, Sep: 2.1728, PRM: 2.2832) | LR: 0.000185
Epoch [27/300] (182.5s) - Loss: 4.9119 (Fuse: 0.4573, Sep: 2.1676, PRM: 2.2870) | LR: 0.000184
Epoch [28/300] (182.2s) - Loss: 4.8753 (Fuse: 0.4494, Sep: 2.1571, PRM: 2.2688) | LR: 0.000184
Epoch [29/300] (182.5s) - Loss: 5.0024 (Fuse: 0.4718, Sep: 2.2057, PRM: 2.3249) | LR: 0.000183
Epoch [30/300] (182.4s) - Loss: 4.8505 (Fuse: 0.4462, Sep: 2.1411, PRM: 2.2632) | LR: 0.000183
Epoch [31/300] (182.7s) - Loss: 4.9086 (Fuse: 0.4578, Sep: 2.1674, PRM: 2.2833) | LR: 0.000182
Epoch [32/300] (183.0s) - Loss: 4.8689 (Fuse: 0.4521, Sep: 2.1369, PRM: 2.2800) | LR: 0.000181
Epoch [33/300] (182.5s) - Loss: 4.8170 (Fuse: 0.4444, Sep: 2.1196, PRM: 2.2531) | LR: 0.000181
Epoch [34/300] (183.1s) - Loss: 4.8750 (Fuse: 0.4545, Sep: 2.1473, PRM: 2.2731) | LR: 0.000180
Epoch [35/300] (182.8s) - Loss: 4.8529 (Fuse: 0.4554, Sep: 2.1157, PRM: 2.2818) | LR: 0.000179
Epoch [36/300] (182.3s) - Loss: 4.8459 (Fuse: 0.4518, Sep: 2.1200, PRM: 2.2741) | LR: 0.000179
Epoch [37/300] (182.4s) - Loss: 4.8466 (Fuse: 0.4498, Sep: 2.1192, PRM: 2.2776) | LR: 0.000178
Epoch [38/300] (182.4s) - Loss: 4.8648 (Fuse: 0.4444, Sep: 2.1560, PRM: 2.2645) | LR: 0.000178
Epoch [39/300] (182.2s) - Loss: 4.7113 (Fuse: 0.4313, Sep: 2.0591, PRM: 2.2209) | LR: 0.000177
Epoch [40/300] (182.2s) - Loss: 4.8343 (Fuse: 0.4515, Sep: 2.1111, PRM: 2.2717) | LR: 0.000176
[Validation] Evaluating epoch 40...
[Validation] Epoch [40/300] - Mean Dice: 0.7396 (WT: 0.8266, TC: 0.7324, ET: 0.6600) | HD95: 50.75
[Validation] New best model saved to checkpoints/mmformer/model_best.pth with Mean Dice: 0.7396
Epoch [41/300] (183.3s) - Loss: 4.7636 (Fuse: 0.4396, Sep: 2.0895, PRM: 2.2345) | LR: 0.000176
Epoch [42/300] (182.3s) - Loss: 4.8125 (Fuse: 0.4509, Sep: 2.0981, PRM: 2.2635) | LR: 0.000175
Epoch [43/300] (182.6s) - Loss: 4.7205 (Fuse: 0.4324, Sep: 2.0631, PRM: 2.2250) | LR: 0.000175
Epoch [44/300] (183.4s) - Loss: 4.6267 (Fuse: 0.4169, Sep: 2.0328, PRM: 2.1770) | LR: 0.000174
Epoch [45/300] (182.4s) - Loss: 4.6676 (Fuse: 0.4237, Sep: 2.0426, PRM: 2.2014) | LR: 0.000173
Epoch [46/300] (182.7s) - Loss: 4.6463 (Fuse: 0.4147, Sep: 2.0558, PRM: 2.1758) | LR: 0.000173
Epoch [47/300] (182.5s) - Loss: 4.6876 (Fuse: 0.4290, Sep: 2.0476, PRM: 2.2110) | LR: 0.000172
Epoch [48/300] (182.1s) - Loss: 4.8242 (Fuse: 0.4530, Sep: 2.0939, PRM: 2.2772) | LR: 0.000172
Epoch [49/300] (182.0s) - Loss: 4.7731 (Fuse: 0.4449, Sep: 2.0891, PRM: 2.2390) | LR: 0.000171
Epoch [50/300] (183.0s) - Loss: 4.6705 (Fuse: 0.4297, Sep: 2.0372, PRM: 2.2036) | LR: 0.000170
Epoch [51/300] (182.5s) - Loss: 4.5802 (Fuse: 0.4082, Sep: 2.0078, PRM: 2.1641) | LR: 0.000170
Epoch [52/300] (182.8s) - Loss: 4.6529 (Fuse: 0.4216, Sep: 2.0481, PRM: 2.1832) | LR: 0.000169
Epoch [53/300] (182.2s) - Loss: 4.6731 (Fuse: 0.4262, Sep: 2.0514, PRM: 2.1955) | LR: 0.000169
Epoch [54/300] (182.0s) - Loss: 4.5789 (Fuse: 0.4162, Sep: 1.9915, PRM: 2.1712) | LR: 0.000168
Epoch [55/300] (182.7s) - Loss: 4.6874 (Fuse: 0.4401, Sep: 2.0175, PRM: 2.2297) | LR: 0.000167
Epoch [56/300] (182.5s) - Loss: 4.7235 (Fuse: 0.4405, Sep: 2.0513, PRM: 2.2317) | LR: 0.000167
Epoch [57/300] (182.4s) - Loss: 4.5565 (Fuse: 0.4153, Sep: 1.9827, PRM: 2.1586) | LR: 0.000166
Epoch [58/300] (182.4s) - Loss: 4.7118 (Fuse: 0.4403, Sep: 2.0415, PRM: 2.2300) | LR: 0.000165
Epoch [59/300] (182.7s) - Loss: 4.5718 (Fuse: 0.4120, Sep: 2.0020, PRM: 2.1578) | LR: 0.000165
Epoch [60/300] (182.6s) - Loss: 4.5481 (Fuse: 0.4150, Sep: 1.9777, PRM: 2.1554) | LR: 0.000164
[Validation] Evaluating epoch 60...
[Validation] Epoch [60/300] - Mean Dice: 0.7874 (WT: 0.8688, TC: 0.7960, ET: 0.6973) | HD95: 29.19
[Validation] New best model saved to checkpoints/mmformer/model_best.pth with Mean Dice: 0.7874
Epoch [61/300] (182.7s) - Loss: 4.5882 (Fuse: 0.4162, Sep: 2.0011, PRM: 2.1708) | LR: 0.000164
Epoch [62/300] (182.3s) - Loss: 4.5722 (Fuse: 0.4172, Sep: 1.9884, PRM: 2.1666) | LR: 0.000163
Epoch [63/300] (182.5s) - Loss: 4.4843 (Fuse: 0.3979, Sep: 1.9585, PRM: 2.1278) | LR: 0.000162
Epoch [64/300] (182.9s) - Loss: 4.5064 (Fuse: 0.4069, Sep: 1.9606, PRM: 2.1389) | LR: 0.000162
Epoch [65/300] (183.1s) - Loss: 4.5033 (Fuse: 0.3990, Sep: 1.9803, PRM: 2.1239) | LR: 0.000161
Epoch [66/300] (183.2s) - Loss: 4.5108 (Fuse: 0.4097, Sep: 1.9557, PRM: 2.1455) | LR: 0.000161
Epoch [67/300] (182.4s) - Loss: 4.4659 (Fuse: 0.4048, Sep: 1.9275, PRM: 2.1336) | LR: 0.000160
Epoch [68/300] (182.7s) - Loss: 4.5180 (Fuse: 0.4096, Sep: 1.9616, PRM: 2.1468) | LR: 0.000159
Epoch [69/300] (182.4s) - Loss: 4.4387 (Fuse: 0.3972, Sep: 1.9313, PRM: 2.1101) | LR: 0.000159
Epoch [70/300] (182.6s) - Loss: 4.5040 (Fuse: 0.4075, Sep: 1.9579, PRM: 2.1386) | LR: 0.000158
Epoch [71/300] (182.0s) - Loss: 4.4875 (Fuse: 0.4003, Sep: 1.9598, PRM: 2.1274) | LR: 0.000157
Epoch [72/300] (182.2s) - Loss: 4.4550 (Fuse: 0.3975, Sep: 1.9388, PRM: 2.1186) | LR: 0.000157
Epoch [73/300] (182.6s) - Loss: 4.4615 (Fuse: 0.4004, Sep: 1.9312, PRM: 2.1298) | LR: 0.000156
Epoch [74/300] (182.1s) - Loss: 4.5043 (Fuse: 0.4136, Sep: 1.9416, PRM: 2.1491) | LR: 0.000156
Epoch [75/300] (182.1s) - Loss: 4.5017 (Fuse: 0.4096, Sep: 1.9532, PRM: 2.1389) | LR: 0.000155
Epoch [76/300] (182.0s) - Loss: 4.5223 (Fuse: 0.4080, Sep: 1.9738, PRM: 2.1404) | LR: 0.000154
Epoch [77/300] (182.7s) - Loss: 4.5021 (Fuse: 0.4070, Sep: 1.9566, PRM: 2.1384) | LR: 0.000154
Epoch [78/300] (182.6s) - Loss: 4.4382 (Fuse: 0.3956, Sep: 1.9302, PRM: 2.1124) | LR: 0.000153
Epoch [79/300] (182.5s) - Loss: 4.4434 (Fuse: 0.4007, Sep: 1.9282, PRM: 2.1145) | LR: 0.000153
Epoch [80/300] (182.1s) - Loss: 4.4851 (Fuse: 0.4071, Sep: 1.9468, PRM: 2.1313) | LR: 0.000152
[Validation] Evaluating epoch 80...
[Validation] Epoch [80/300] - Mean Dice: 0.7780 (WT: 0.8540, TC: 0.7765, ET: 0.7034) | HD95: 39.90
Epoch [81/300] (181.9s) - Loss: 4.4872 (Fuse: 0.4064, Sep: 1.9398, PRM: 2.1410) | LR: 0.000151
Epoch [82/300] (182.3s) - Loss: 4.4594 (Fuse: 0.4016, Sep: 1.9363, PRM: 2.1215) | LR: 0.000151
Epoch [83/300] (182.6s) - Loss: 4.4535 (Fuse: 0.4035, Sep: 1.9232, PRM: 2.1268) | LR: 0.000150
Epoch [84/300] (182.7s) - Loss: 4.4148 (Fuse: 0.4046, Sep: 1.8917, PRM: 2.1185) | LR: 0.000149
Epoch [85/300] (182.6s) - Loss: 4.4292 (Fuse: 0.3964, Sep: 1.9248, PRM: 2.1080) | LR: 0.000149
Epoch [86/300] (183.3s) - Loss: 4.4411 (Fuse: 0.4029, Sep: 1.9148, PRM: 2.1234) | LR: 0.000148
Epoch [87/300] (182.8s) - Loss: 4.4069 (Fuse: 0.3912, Sep: 1.9200, PRM: 2.0956) | LR: 0.000148
Epoch [88/300] (182.3s) - Loss: 4.4779 (Fuse: 0.4101, Sep: 1.9188, PRM: 2.1490) | LR: 0.000147
Epoch [89/300] (182.8s) - Loss: 4.4681 (Fuse: 0.4111, Sep: 1.9184, PRM: 2.1386) | LR: 0.000146
Epoch [90/300] (182.3s) - Loss: 4.4070 (Fuse: 0.3932, Sep: 1.9134, PRM: 2.1003) | LR: 0.000146
Epoch [91/300] (182.2s) - Loss: 4.3466 (Fuse: 0.3830, Sep: 1.8892, PRM: 2.0743) | LR: 0.000145
Epoch [92/300] (182.2s) - Loss: 4.4778 (Fuse: 0.4112, Sep: 1.9200, PRM: 2.1467) | LR: 0.000144
Epoch [93/300] (182.8s) - Loss: 4.4252 (Fuse: 0.4031, Sep: 1.9110, PRM: 2.1111) | LR: 0.000144
Epoch [94/300] (182.7s) - Loss: 4.4540 (Fuse: 0.4015, Sep: 1.9273, PRM: 2.1251) | LR: 0.000143
Epoch [95/300] (182.7s) - Loss: 4.3883 (Fuse: 0.3905, Sep: 1.9142, PRM: 2.0837) | LR: 0.000143
Epoch [96/300] (182.2s) - Loss: 4.4403 (Fuse: 0.4122, Sep: 1.8884, PRM: 2.1397) | LR: 0.000142
Epoch [97/300] (182.9s) - Loss: 4.4069 (Fuse: 0.4028, Sep: 1.8909, PRM: 2.1133) | LR: 0.000141
Epoch [98/300] (182.0s) - Loss: 4.3823 (Fuse: 0.3850, Sep: 1.9107, PRM: 2.0866) | LR: 0.000141
Epoch [99/300] (182.6s) - Loss: 4.3425 (Fuse: 0.3845, Sep: 1.8743, PRM: 2.0838) | LR: 0.000140
Epoch [100/300] (182.7s) - Loss: 4.3572 (Fuse: 0.3903, Sep: 1.8866, PRM: 2.0803) | LR: 0.000139
[Validation] Evaluating epoch 100...
[Validation] Epoch [100/300] - Mean Dice: 0.7815 (WT: 0.8755, TC: 0.7802, ET: 0.6888) | HD95: 37.40
Epoch [101/300] (182.8s) - Loss: 4.3490 (Fuse: 0.3897, Sep: 1.8758, PRM: 2.0836) | LR: 0.000139
Epoch [102/300] (182.3s) - Loss: 4.4260 (Fuse: 0.4003, Sep: 1.9120, PRM: 2.1136) | LR: 0.000138
Epoch [103/300] (182.1s) - Loss: 4.2965 (Fuse: 0.3866, Sep: 1.8380, PRM: 2.0719) | LR: 0.000138
Epoch [104/300] (182.1s) - Loss: 4.3062 (Fuse: 0.3895, Sep: 1.8430, PRM: 2.0737) | LR: 0.000137
Epoch [105/300] (182.6s) - Loss: 4.4308 (Fuse: 0.4045, Sep: 1.9052, PRM: 2.1211) | LR: 0.000136
Epoch [106/300] (182.5s) - Loss: 4.3510 (Fuse: 0.3851, Sep: 1.8808, PRM: 2.0851) | LR: 0.000136
Epoch [107/300] (183.1s) - Loss: 4.3587 (Fuse: 0.3931, Sep: 1.8824, PRM: 2.0832) | LR: 0.000135
Epoch [108/300] (182.6s) - Loss: 4.2901 (Fuse: 0.3812, Sep: 1.8417, PRM: 2.0671) | LR: 0.000134
Epoch [109/300] (182.6s) - Loss: 4.3426 (Fuse: 0.3909, Sep: 1.8575, PRM: 2.0942) | LR: 0.000134
Epoch [110/300] (183.0s) - Loss: 4.4026 (Fuse: 0.4028, Sep: 1.8798, PRM: 2.1200) | LR: 0.000133
Epoch [111/300] (182.8s) - Loss: 4.4100 (Fuse: 0.4011, Sep: 1.9001, PRM: 2.1088) | LR: 0.000133
Epoch [112/300] (182.3s) - Loss: 4.3724 (Fuse: 0.3996, Sep: 1.8664, PRM: 2.1064) | LR: 0.000132
Epoch [113/300] (182.0s) - Loss: 4.2942 (Fuse: 0.3822, Sep: 1.8498, PRM: 2.0622) | LR: 0.000131
Epoch [114/300] (182.6s) - Loss: 4.3201 (Fuse: 0.3857, Sep: 1.8613, PRM: 2.0730) | LR: 0.000131
Epoch [115/300] (182.6s) - Loss: 4.2635 (Fuse: 0.3782, Sep: 1.8316, PRM: 2.0538) | LR: 0.000130
Epoch [116/300] (182.5s) - Loss: 4.2642 (Fuse: 0.3819, Sep: 1.8181, PRM: 2.0642) | LR: 0.000129
Epoch [117/300] (182.7s) - Loss: 4.2721 (Fuse: 0.3850, Sep: 1.8186, PRM: 2.0685) | LR: 0.000129
Epoch [118/300] (182.5s) - Loss: 4.3888 (Fuse: 0.4088, Sep: 1.8643, PRM: 2.1156) | LR: 0.000128
Epoch [119/300] (182.5s) - Loss: 4.3295 (Fuse: 0.3874, Sep: 1.8560, PRM: 2.0861) | LR: 0.000128
Epoch [120/300] (182.5s) - Loss: 4.2784 (Fuse: 0.3826, Sep: 1.8386, PRM: 2.0572) | LR: 0.000127
[Validation] Evaluating epoch 120...
[Validation] Epoch [120/300] - Mean Dice: 0.8027 (WT: 0.8813, TC: 0.8109, ET: 0.7158) | HD95: 29.17
[Validation] New best model saved to checkpoints/mmformer/model_best.pth with Mean Dice: 0.8027
Epoch [121/300] (183.1s) - Loss: 4.3077 (Fuse: 0.3889, Sep: 1.8399, PRM: 2.0790) | LR: 0.000126
Epoch [122/300] (182.4s) - Loss: 4.3324 (Fuse: 0.3981, Sep: 1.8426, PRM: 2.0917) | LR: 0.000126
Epoch [123/300] (182.3s) - Loss: 4.2946 (Fuse: 0.3846, Sep: 1.8402, PRM: 2.0698) | LR: 0.000125
Epoch [124/300] (182.7s) - Loss: 4.2856 (Fuse: 0.3832, Sep: 1.8318, PRM: 2.0706) | LR: 0.000124
Epoch [125/300] (182.3s) - Loss: 4.3484 (Fuse: 0.4006, Sep: 1.8447, PRM: 2.1031) | LR: 0.000124
Epoch [126/300] (182.6s) - Loss: 4.2969 (Fuse: 0.3857, Sep: 1.8405, PRM: 2.0707) | LR: 0.000123
Epoch [127/300] (183.4s) - Loss: 4.2728 (Fuse: 0.3883, Sep: 1.8184, PRM: 2.0661) | LR: 0.000122
Epoch [128/300] (183.3s) - Loss: 4.2635 (Fuse: 0.3840, Sep: 1.8145, PRM: 2.0650) | LR: 0.000122
Epoch [129/300] (182.5s) - Loss: 4.3306 (Fuse: 0.3944, Sep: 1.8469, PRM: 2.0894) | LR: 0.000121
Epoch [130/300] (183.5s) - Loss: 4.2860 (Fuse: 0.3882, Sep: 1.8211, PRM: 2.0766) | LR: 0.000121
Epoch [131/300] (182.3s) - Loss: 4.2847 (Fuse: 0.3912, Sep: 1.8146, PRM: 2.0789) | LR: 0.000120
Epoch [132/300] (182.9s) - Loss: 4.1754 (Fuse: 0.3718, Sep: 1.7710, PRM: 2.0325) | LR: 0.000119
Epoch [133/300] (182.8s) - Loss: 4.2233 (Fuse: 0.3755, Sep: 1.8035, PRM: 2.0443) | LR: 0.000119
Epoch [134/300] (182.4s) - Loss: 4.2615 (Fuse: 0.3804, Sep: 1.8292, PRM: 2.0519) | LR: 0.000118
Epoch [135/300] (182.3s) - Loss: 4.2568 (Fuse: 0.3797, Sep: 1.8178, PRM: 2.0594) | LR: 0.000117
Epoch [136/300] (182.8s) - Loss: 4.3543 (Fuse: 0.4003, Sep: 1.8549, PRM: 2.0991) | LR: 0.000117
Epoch [137/300] (182.9s) - Loss: 4.2648 (Fuse: 0.3804, Sep: 1.8272, PRM: 2.0572) | LR: 0.000116
Epoch [138/300] (183.0s) - Loss: 4.2700 (Fuse: 0.3858, Sep: 1.8178, PRM: 2.0664) | LR: 0.000116
Epoch [139/300] (182.8s) - Loss: 4.2595 (Fuse: 0.3838, Sep: 1.8109, PRM: 2.0648) | LR: 0.000115
Epoch [140/300] (183.1s) - Loss: 4.1849 (Fuse: 0.3699, Sep: 1.7880, PRM: 2.0271) | LR: 0.000114
[Validation] Evaluating epoch 140...
[Validation] Epoch [140/300] - Mean Dice: 0.8165 (WT: 0.9001, TC: 0.8201, ET: 0.7294) | HD95: 21.13
[Validation] New best model saved to checkpoints/mmformer/model_best.pth with Mean Dice: 0.8165
Epoch [141/300] (182.7s) - Loss: 4.2155 (Fuse: 0.3689, Sep: 1.8162, PRM: 2.0304) | LR: 0.000114
Epoch [142/300] (182.0s) - Loss: 4.2141 (Fuse: 0.3755, Sep: 1.7956, PRM: 2.0430) | LR: 0.000113
Epoch [143/300] (182.9s) - Loss: 4.2273 (Fuse: 0.3758, Sep: 1.8093, PRM: 2.0422) | LR: 0.000112
Epoch [144/300] (182.3s) - Loss: 4.1688 (Fuse: 0.3688, Sep: 1.7796, PRM: 2.0204) | LR: 0.000112
Epoch [145/300] (181.8s) - Loss: 4.2221 (Fuse: 0.3804, Sep: 1.7906, PRM: 2.0510) | LR: 0.000111
Epoch [146/300] (182.0s) - Loss: 4.2040 (Fuse: 0.3755, Sep: 1.7866, PRM: 2.0419) | LR: 0.000110
Epoch [147/300] (182.0s) - Loss: 4.1880 (Fuse: 0.3738, Sep: 1.7862, PRM: 2.0280) | LR: 0.000110
Epoch [148/300] (181.9s) - Loss: 4.1326 (Fuse: 0.3663, Sep: 1.7547, PRM: 2.0116) | LR: 0.000109
Epoch [149/300] (182.8s) - Loss: 4.1564 (Fuse: 0.3636, Sep: 1.7765, PRM: 2.0162) | LR: 0.000108
Epoch [150/300] (182.6s) - Loss: 4.2091 (Fuse: 0.3736, Sep: 1.8054, PRM: 2.0301) | LR: 0.000108
Epoch [151/300] (182.3s) - Loss: 4.2142 (Fuse: 0.3805, Sep: 1.7807, PRM: 2.0530) | LR: 0.000107
Epoch [152/300] (182.2s) - Loss: 4.1932 (Fuse: 0.3709, Sep: 1.7913, PRM: 2.0310) | LR: 0.000107
Epoch [153/300] (182.6s) - Loss: 4.1372 (Fuse: 0.3694, Sep: 1.7520, PRM: 2.0158) | LR: 0.000106
Epoch [154/300] (183.4s) - Loss: 4.2236 (Fuse: 0.3742, Sep: 1.8037, PRM: 2.0457) | LR: 0.000105
Epoch [155/300] (182.3s) - Loss: 4.2561 (Fuse: 0.3805, Sep: 1.8227, PRM: 2.0529) | LR: 0.000105
Epoch [156/300] (182.4s) - Loss: 4.2209 (Fuse: 0.3807, Sep: 1.7893, PRM: 2.0509) | LR: 0.000104
Epoch [157/300] (182.7s) - Loss: 4.1314 (Fuse: 0.3668, Sep: 1.7511, PRM: 2.0136) | LR: 0.000103
Epoch [158/300] (182.4s) - Loss: 4.2307 (Fuse: 0.3782, Sep: 1.8048, PRM: 2.0478) | LR: 0.000103
Epoch [159/300] (181.9s) - Loss: 4.2298 (Fuse: 0.3792, Sep: 1.7976, PRM: 2.0529) | LR: 0.000102
Epoch [160/300] (182.5s) - Loss: 4.3028 (Fuse: 0.3920, Sep: 1.8323, PRM: 2.0785) | LR: 0.000101
[Validation] Evaluating epoch 160...
[Validation] Epoch [160/300] - Mean Dice: 0.8039 (WT: 0.8800, TC: 0.8224, ET: 0.7094) | HD95: 27.03
Epoch [161/300] (182.9s) - Loss: 4.2070 (Fuse: 0.3806, Sep: 1.7746, PRM: 2.0518) | LR: 0.000101
Epoch [162/300] (182.7s) - Loss: 4.2392 (Fuse: 0.3794, Sep: 1.8065, PRM: 2.0532) | LR: 0.000100
Epoch [163/300] (182.3s) - Loss: 4.1294 (Fuse: 0.3625, Sep: 1.7590, PRM: 2.0078) | LR: 0.000099
Epoch [164/300] (182.8s) - Loss: 4.1853 (Fuse: 0.3727, Sep: 1.7803, PRM: 2.0323) | LR: 0.000099
Epoch [165/300] (182.4s) - Loss: 4.1721 (Fuse: 0.3734, Sep: 1.7664, PRM: 2.0323) | LR: 0.000098
Epoch [166/300] (182.7s) - Loss: 4.2085 (Fuse: 0.3736, Sep: 1.7972, PRM: 2.0377) | LR: 0.000097
Epoch [167/300] (182.7s) - Loss: 4.1626 (Fuse: 0.3666, Sep: 1.7776, PRM: 2.0184) | LR: 0.000097
Epoch [168/300] (182.4s) - Loss: 4.1685 (Fuse: 0.3673, Sep: 1.7807, PRM: 2.0205) | LR: 0.000096
Epoch [169/300] (182.9s) - Loss: 4.1371 (Fuse: 0.3690, Sep: 1.7510, PRM: 2.0170) | LR: 0.000096
Epoch [170/300] (182.3s) - Loss: 4.1674 (Fuse: 0.3779, Sep: 1.7493, PRM: 2.0402) | LR: 0.000095
Epoch [171/300] (182.5s) - Loss: 4.1434 (Fuse: 0.3690, Sep: 1.7591, PRM: 2.0153) | LR: 0.000094
Epoch [172/300] (182.0s) - Loss: 4.1082 (Fuse: 0.3657, Sep: 1.7375, PRM: 2.0051) | LR: 0.000094
Epoch [173/300] (182.4s) - Loss: 4.1915 (Fuse: 0.3766, Sep: 1.7806, PRM: 2.0343) | LR: 0.000093
Epoch [174/300] (182.4s) - Loss: 4.1628 (Fuse: 0.3692, Sep: 1.7712, PRM: 2.0224) | LR: 0.000092
Epoch [175/300] (182.1s) - Loss: 4.1898 (Fuse: 0.3787, Sep: 1.7689, PRM: 2.0423) | LR: 0.000092
Epoch [176/300] (182.2s) - Loss: 4.1687 (Fuse: 0.3718, Sep: 1.7718, PRM: 2.0250) | LR: 0.000091
Epoch [177/300] (182.2s) - Loss: 4.2108 (Fuse: 0.3765, Sep: 1.7956, PRM: 2.0387) | LR: 0.000090
Epoch [178/300] (182.6s) - Loss: 4.1761 (Fuse: 0.3702, Sep: 1.7861, PRM: 2.0198) | LR: 0.000090
Epoch [179/300] (182.8s) - Loss: 4.1624 (Fuse: 0.3681, Sep: 1.7832, PRM: 2.0110) | LR: 0.000089
Epoch [180/300] (182.3s) - Loss: 4.0169 (Fuse: 0.3487, Sep: 1.7011, PRM: 1.9671) | LR: 0.000088
[Validation] Evaluating epoch 180...
[Validation] Epoch [180/300] - Mean Dice: 0.8100 (WT: 0.8941, TC: 0.8141, ET: 0.7218) | HD95: 32.30
Epoch [181/300] (182.2s) - Loss: 4.1634 (Fuse: 0.3707, Sep: 1.7742, PRM: 2.0185) | LR: 0.000088
Epoch [182/300] (183.0s) - Loss: 4.1099 (Fuse: 0.3672, Sep: 1.7398, PRM: 2.0029) | LR: 0.000087
Epoch [183/300] (182.5s) - Loss: 4.0936 (Fuse: 0.3583, Sep: 1.7428, PRM: 1.9925) | LR: 0.000086
Epoch [184/300] (182.5s) - Loss: 4.0965 (Fuse: 0.3656, Sep: 1.7315, PRM: 1.9995) | LR: 0.000086
Epoch [185/300] (182.3s) - Loss: 4.1132 (Fuse: 0.3638, Sep: 1.7485, PRM: 2.0009) | LR: 0.000085
Epoch [186/300] (182.8s) - Loss: 4.1564 (Fuse: 0.3709, Sep: 1.7612, PRM: 2.0243) | LR: 0.000084
Epoch [187/300] (182.4s) - Loss: 3.9816 (Fuse: 0.3451, Sep: 1.6884, PRM: 1.9481) | LR: 0.000084
Epoch [188/300] (182.6s) - Loss: 4.1105 (Fuse: 0.3702, Sep: 1.7320, PRM: 2.0084) | LR: 0.000083
Epoch [189/300] (182.3s) - Loss: 4.1727 (Fuse: 0.3816, Sep: 1.7513, PRM: 2.0399) | LR: 0.000082
Epoch [190/300] (182.9s) - Loss: 4.0816 (Fuse: 0.3569, Sep: 1.7374, PRM: 1.9873) | LR: 0.000082
Epoch [191/300] (182.5s) - Loss: 4.0740 (Fuse: 0.3595, Sep: 1.7231, PRM: 1.9914) | LR: 0.000081
Epoch [192/300] (182.2s) - Loss: 4.0752 (Fuse: 0.3550, Sep: 1.7404, PRM: 1.9797) | LR: 0.000080
Epoch [193/300] (182.1s) - Loss: 4.0444 (Fuse: 0.3551, Sep: 1.7067, PRM: 1.9826) | LR: 0.000080
Epoch [194/300] (182.4s) - Loss: 4.0952 (Fuse: 0.3719, Sep: 1.7173, PRM: 2.0061) | LR: 0.000079
Epoch [195/300] (182.2s) - Loss: 4.1691 (Fuse: 0.3753, Sep: 1.7623, PRM: 2.0314) | LR: 0.000078
Epoch [196/300] (182.4s) - Loss: 4.1966 (Fuse: 0.3754, Sep: 1.7879, PRM: 2.0333) | LR: 0.000078
Epoch [197/300] (182.7s) - Loss: 4.0676 (Fuse: 0.3623, Sep: 1.7143, PRM: 1.9910) | LR: 0.000077
Epoch [198/300] (182.7s) - Loss: 4.1214 (Fuse: 0.3701, Sep: 1.7335, PRM: 2.0178) | LR: 0.000076
Epoch [199/300] (182.2s) - Loss: 4.0618 (Fuse: 0.3602, Sep: 1.7134, PRM: 1.9882) | LR: 0.000076
Epoch [200/300] (182.7s) - Loss: 4.2018 (Fuse: 0.3813, Sep: 1.7783, PRM: 2.0422) | LR: 0.000075
[Validation] Evaluating epoch 200...
[Validation] Epoch [200/300] - Mean Dice: 0.8161 (WT: 0.8866, TC: 0.8316, ET: 0.7302) | HD95: 12.76
Epoch [201/300] (182.5s) - Loss: 4.0803 (Fuse: 0.3598, Sep: 1.7351, PRM: 1.9854) | LR: 0.000074
Epoch [202/300] (182.0s) - Loss: 4.1257 (Fuse: 0.3681, Sep: 1.7500, PRM: 2.0075) | LR: 0.000074
Epoch [203/300] (181.9s) - Loss: 4.1162 (Fuse: 0.3664, Sep: 1.7453, PRM: 2.0045) | LR: 0.000073
Epoch [204/300] (181.9s) - Loss: 4.0373 (Fuse: 0.3597, Sep: 1.7003, PRM: 1.9773) | LR: 0.000072
Epoch [205/300] (182.8s) - Loss: 4.0856 (Fuse: 0.3689, Sep: 1.7204, PRM: 1.9963) | LR: 0.000072
Epoch [206/300] (182.4s) - Loss: 3.9495 (Fuse: 0.3476, Sep: 1.6543, PRM: 1.9476) | LR: 0.000071
Epoch [207/300] (182.2s) - Loss: 4.1779 (Fuse: 0.3826, Sep: 1.7566, PRM: 2.0386) | LR: 0.000070
Epoch [208/300] (182.3s) - Loss: 4.0507 (Fuse: 0.3613, Sep: 1.7097, PRM: 1.9798) | LR: 0.000070
Epoch [209/300] (182.2s) - Loss: 4.0633 (Fuse: 0.3581, Sep: 1.7281, PRM: 1.9771) | LR: 0.000069
Epoch [210/300] (182.6s) - Loss: 3.9976 (Fuse: 0.3470, Sep: 1.6986, PRM: 1.9520) | LR: 0.000068
Epoch [211/300] (183.0s) - Loss: 4.1215 (Fuse: 0.3681, Sep: 1.7400, PRM: 2.0134) | LR: 0.000068
Epoch [212/300] (182.6s) - Loss: 4.1486 (Fuse: 0.3745, Sep: 1.7488, PRM: 2.0253) | LR: 0.000067
Epoch [213/300] (182.1s) - Loss: 4.0472 (Fuse: 0.3660, Sep: 1.6858, PRM: 1.9954) | LR: 0.000066
Epoch [214/300] (182.6s) - Loss: 4.0065 (Fuse: 0.3509, Sep: 1.6942, PRM: 1.9614) | LR: 0.000066
Epoch [215/300] (182.1s) - Loss: 4.0586 (Fuse: 0.3624, Sep: 1.7080, PRM: 1.9882) | LR: 0.000065
Epoch [216/300] (182.6s) - Loss: 4.0580 (Fuse: 0.3570, Sep: 1.7203, PRM: 1.9807) | LR: 0.000064
Epoch [217/300] (183.1s) - Loss: 4.0074 (Fuse: 0.3519, Sep: 1.6925, PRM: 1.9631) | LR: 0.000064
Epoch [218/300] (182.2s) - Loss: 4.1121 (Fuse: 0.3678, Sep: 1.7379, PRM: 2.0064) | LR: 0.000063
Epoch [219/300] (182.5s) - Loss: 4.0540 (Fuse: 0.3622, Sep: 1.7024, PRM: 1.9895) | LR: 0.000062
Epoch [220/300] (182.8s) - Loss: 4.0183 (Fuse: 0.3544, Sep: 1.6930, PRM: 1.9710) | LR: 0.000062
[Validation] Evaluating epoch 220...
[Validation] Epoch [220/300] - Mean Dice: 0.8251 (WT: 0.9085, TC: 0.8329, ET: 0.7339) | HD95: 12.96
[Validation] New best model saved to checkpoints/mmformer/model_best.pth with Mean Dice: 0.8251
Epoch [221/300] (182.2s) - Loss: 4.0422 (Fuse: 0.3583, Sep: 1.7104, PRM: 1.9735) | LR: 0.000061
Epoch [222/300] (182.1s) - Loss: 4.0661 (Fuse: 0.3659, Sep: 1.7100, PRM: 1.9902) | LR: 0.000060
Epoch [223/300] (182.4s) - Loss: 3.9529 (Fuse: 0.3501, Sep: 1.6546, PRM: 1.9482) | LR: 0.000059
Epoch [224/300] (182.5s) - Loss: 4.0428 (Fuse: 0.3573, Sep: 1.7061, PRM: 1.9795) | LR: 0.000059
Epoch [225/300] (183.2s) - Loss: 3.9675 (Fuse: 0.3507, Sep: 1.6671, PRM: 1.9497) | LR: 0.000058
Epoch [226/300] (183.1s) - Loss: 4.0196 (Fuse: 0.3522, Sep: 1.7001, PRM: 1.9674) | LR: 0.000057
Epoch [227/300] (182.2s) - Loss: 4.0046 (Fuse: 0.3513, Sep: 1.6935, PRM: 1.9599) | LR: 0.000057
Epoch [228/300] (182.7s) - Loss: 3.9255 (Fuse: 0.3425, Sep: 1.6526, PRM: 1.9304) | LR: 0.000056
Epoch [229/300] (182.1s) - Loss: 4.0324 (Fuse: 0.3603, Sep: 1.6967, PRM: 1.9754) | LR: 0.000055
Epoch [230/300] (181.9s) - Loss: 4.0482 (Fuse: 0.3651, Sep: 1.6963, PRM: 1.9867) | LR: 0.000055
Epoch [231/300] (182.5s) - Loss: 3.9826 (Fuse: 0.3522, Sep: 1.6765, PRM: 1.9539) | LR: 0.000054
Epoch [232/300] (182.2s) - Loss: 4.0037 (Fuse: 0.3540, Sep: 1.6919, PRM: 1.9578) | LR: 0.000053
Epoch [233/300] (183.1s) - Loss: 4.0260 (Fuse: 0.3582, Sep: 1.6999, PRM: 1.9679) | LR: 0.000053
Epoch [234/300] (182.3s) - Loss: 4.0007 (Fuse: 0.3538, Sep: 1.6925, PRM: 1.9544) | LR: 0.000052
Epoch [235/300] (182.9s) - Loss: 3.8931 (Fuse: 0.3440, Sep: 1.6179, PRM: 1.9312) | LR: 0.000051
Epoch [236/300] (182.5s) - Loss: 3.9887 (Fuse: 0.3555, Sep: 1.6728, PRM: 1.9604) | LR: 0.000050
Epoch [237/300] (182.4s) - Loss: 3.9039 (Fuse: 0.3434, Sep: 1.6250, PRM: 1.9355) | LR: 0.000050
Epoch [238/300] (182.8s) - Loss: 3.9781 (Fuse: 0.3533, Sep: 1.6657, PRM: 1.9592) | LR: 0.000049
Epoch [239/300] (182.5s) - Loss: 3.9701 (Fuse: 0.3490, Sep: 1.6697, PRM: 1.9515) | LR: 0.000048
Epoch [240/300] (182.0s) - Loss: 3.9492 (Fuse: 0.3479, Sep: 1.6582, PRM: 1.9431) | LR: 0.000048
[Validation] Evaluating epoch 240...
[Validation] Epoch [240/300] - Mean Dice: 0.8321 (WT: 0.9103, TC: 0.8327, ET: 0.7533) | HD95: 15.07
[Validation] New best model saved to checkpoints/mmformer/model_best.pth with Mean Dice: 0.8321
Epoch [241/300] (182.9s) - Loss: 3.9954 (Fuse: 0.3525, Sep: 1.6848, PRM: 1.9581) | LR: 0.000047
Epoch [242/300] (182.7s) - Loss: 3.9962 (Fuse: 0.3489, Sep: 1.6959, PRM: 1.9515) | LR: 0.000046
Epoch [243/300] (182.7s) - Loss: 3.9491 (Fuse: 0.3525, Sep: 1.6507, PRM: 1.9458) | LR: 0.000046
Epoch [244/300] (182.8s) - Loss: 3.9416 (Fuse: 0.3460, Sep: 1.6514, PRM: 1.9441) | LR: 0.000045
Epoch [245/300] (182.4s) - Loss: 4.0099 (Fuse: 0.3529, Sep: 1.6923, PRM: 1.9647) | LR: 0.000044
Epoch [246/300] (182.4s) - Loss: 4.0031 (Fuse: 0.3588, Sep: 1.6736, PRM: 1.9706) | LR: 0.000043
Epoch [247/300] (182.4s) - Loss: 3.8983 (Fuse: 0.3434, Sep: 1.6236, PRM: 1.9313) | LR: 0.000043
Epoch [248/300] (182.5s) - Loss: 3.9990 (Fuse: 0.3538, Sep: 1.6844, PRM: 1.9609) | LR: 0.000042
Epoch [249/300] (182.7s) - Loss: 3.8828 (Fuse: 0.3374, Sep: 1.6287, PRM: 1.9168) | LR: 0.000041
Epoch [250/300] (182.9s) - Loss: 3.9590 (Fuse: 0.3483, Sep: 1.6645, PRM: 1.9461) | LR: 0.000041
Epoch [251/300] (182.7s) - Loss: 4.0173 (Fuse: 0.3604, Sep: 1.6916, PRM: 1.9653) | LR: 0.000040
Epoch [252/300] (182.3s) - Loss: 3.9250 (Fuse: 0.3454, Sep: 1.6472, PRM: 1.9324) | LR: 0.000039
Epoch [253/300] (182.5s) - Loss: 3.9783 (Fuse: 0.3574, Sep: 1.6602, PRM: 1.9608) | LR: 0.000038
Epoch [254/300] (182.9s) - Loss: 3.9430 (Fuse: 0.3499, Sep: 1.6478, PRM: 1.9453) | LR: 0.000038
Epoch [255/300] (182.3s) - Loss: 3.9020 (Fuse: 0.3434, Sep: 1.6303, PRM: 1.9283) | LR: 0.000037
Epoch [256/300] (182.6s) - Loss: 4.0302 (Fuse: 0.3656, Sep: 1.6832, PRM: 1.9815) | LR: 0.000036
Epoch [257/300] (182.7s) - Loss: 3.9195 (Fuse: 0.3554, Sep: 1.6161, PRM: 1.9479) | LR: 0.000036
Epoch [258/300] (181.9s) - Loss: 3.9283 (Fuse: 0.3478, Sep: 1.6437, PRM: 1.9368) | LR: 0.000035
Epoch [259/300] (182.6s) - Loss: 3.8369 (Fuse: 0.3359, Sep: 1.6002, PRM: 1.9008) | LR: 0.000034
Epoch [260/300] (182.4s) - Loss: 3.8806 (Fuse: 0.3363, Sep: 1.6276, PRM: 1.9167) | LR: 0.000033
[Validation] Evaluating epoch 260...
[Validation] Epoch [260/300] - Mean Dice: 0.8334 (WT: 0.9131, TC: 0.8358, ET: 0.7514) | HD95: 12.35
[Validation] New best model saved to checkpoints/mmformer/model_best.pth with Mean Dice: 0.8334
Epoch [261/300] (182.6s) - Loss: 3.9819 (Fuse: 0.3564, Sep: 1.6598, PRM: 1.9657) | LR: 0.000033
Epoch [262/300] (182.6s) - Loss: 3.9099 (Fuse: 0.3503, Sep: 1.6219, PRM: 1.9377) | LR: 0.000032
Epoch [263/300] (182.2s) - Loss: 3.9493 (Fuse: 0.3483, Sep: 1.6613, PRM: 1.9397) | LR: 0.000031
Epoch [264/300] (182.4s) - Loss: 3.9070 (Fuse: 0.3507, Sep: 1.6224, PRM: 1.9339) | LR: 0.000030
Epoch [265/300] (182.8s) - Loss: 3.9246 (Fuse: 0.3465, Sep: 1.6466, PRM: 1.9315) | LR: 0.000030
Epoch [266/300] (182.6s) - Loss: 3.8835 (Fuse: 0.3425, Sep: 1.6262, PRM: 1.9148) | LR: 0.000029
Epoch [267/300] (182.0s) - Loss: 3.8537 (Fuse: 0.3360, Sep: 1.6111, PRM: 1.9066) | LR: 0.000028
Epoch [268/300] (181.9s) - Loss: 3.9186 (Fuse: 0.3487, Sep: 1.6355, PRM: 1.9343) | LR: 0.000027
Epoch [269/300] (182.2s) - Loss: 3.8882 (Fuse: 0.3449, Sep: 1.6168, PRM: 1.9265) | LR: 0.000027
Epoch [270/300] (182.7s) - Loss: 3.9122 (Fuse: 0.3459, Sep: 1.6350, PRM: 1.9313) | LR: 0.000026
Epoch [271/300] (182.7s) - Loss: 3.9446 (Fuse: 0.3496, Sep: 1.6495, PRM: 1.9455) | LR: 0.000025
Epoch [272/300] (182.8s) - Loss: 3.9260 (Fuse: 0.3494, Sep: 1.6380, PRM: 1.9387) | LR: 0.000024
Epoch [273/300] (182.9s) - Loss: 3.8154 (Fuse: 0.3290, Sep: 1.5922, PRM: 1.8942) | LR: 0.000024
Epoch [274/300] (182.5s) - Loss: 3.9254 (Fuse: 0.3531, Sep: 1.6283, PRM: 1.9440) | LR: 0.000023
Epoch [275/300] (182.7s) - Loss: 3.8661 (Fuse: 0.3467, Sep: 1.5999, PRM: 1.9195) | LR: 0.000022
Epoch [276/300] (182.3s) - Loss: 3.9297 (Fuse: 0.3493, Sep: 1.6421, PRM: 1.9383) | LR: 0.000021
Epoch [277/300] (181.9s) - Loss: 3.8166 (Fuse: 0.3321, Sep: 1.5961, PRM: 1.8885) | LR: 0.000021
Epoch [278/300] (181.9s) - Loss: 3.8674 (Fuse: 0.3445, Sep: 1.6067, PRM: 1.9161) | LR: 0.000020
Epoch [279/300] (182.6s) - Loss: 3.8729 (Fuse: 0.3423, Sep: 1.6159, PRM: 1.9148) | LR: 0.000019
Epoch [280/300] (182.2s) - Loss: 3.8995 (Fuse: 0.3446, Sep: 1.6307, PRM: 1.9242) | LR: 0.000018
[Validation] Evaluating epoch 280...
[Validation] Epoch [280/300] - Mean Dice: 0.8311 (WT: 0.9125, TC: 0.8459, ET: 0.7348) | HD95: 13.19
Epoch [281/300] (182.7s) - Loss: 3.8989 (Fuse: 0.3459, Sep: 1.6310, PRM: 1.9221) | LR: 0.000017
Epoch [282/300] (182.5s) - Loss: 3.7871 (Fuse: 0.3290, Sep: 1.5760, PRM: 1.8820) | LR: 0.000017
Epoch [283/300] (182.5s) - Loss: 3.8624 (Fuse: 0.3456, Sep: 1.5991, PRM: 1.9177) | LR: 0.000016
Epoch [284/300] (182.0s) - Loss: 3.7597 (Fuse: 0.3221, Sep: 1.5707, PRM: 1.8668) | LR: 0.000015
Epoch [285/300] (182.0s) - Loss: 3.9205 (Fuse: 0.3470, Sep: 1.6401, PRM: 1.9334) | LR: 0.000014
Epoch [286/300] (182.2s) - Loss: 3.8186 (Fuse: 0.3325, Sep: 1.5932, PRM: 1.8929) | LR: 0.000013
Epoch [287/300] (182.6s) - Loss: 3.8384 (Fuse: 0.3430, Sep: 1.5846, PRM: 1.9108) | LR: 0.000013
Epoch [288/300] (181.9s) - Loss: 3.9064 (Fuse: 0.3460, Sep: 1.6293, PRM: 1.9312) | LR: 0.000012
Epoch [289/300] (182.4s) - Loss: 3.8304 (Fuse: 0.3349, Sep: 1.5961, PRM: 1.8994) | LR: 0.000011
Epoch [290/300] (182.0s) - Loss: 3.8378 (Fuse: 0.3394, Sep: 1.5942, PRM: 1.9042) | LR: 0.000010
Epoch [291/300] (182.1s) - Loss: 3.7903 (Fuse: 0.3337, Sep: 1.5671, PRM: 1.8895) | LR: 0.000009
Epoch [292/300] (182.0s) - Loss: 3.7809 (Fuse: 0.3274, Sep: 1.5711, PRM: 1.8824) | LR: 0.000009
Epoch [293/300] (182.5s) - Loss: 3.9188 (Fuse: 0.3518, Sep: 1.6332, PRM: 1.9338) | LR: 0.000008
Epoch [294/300] (181.8s) - Loss: 3.8456 (Fuse: 0.3409, Sep: 1.5983, PRM: 1.9064) | LR: 0.000007
Epoch [295/300] (182.1s) - Loss: 3.7918 (Fuse: 0.3301, Sep: 1.5828, PRM: 1.8789) | LR: 0.000006
Epoch [296/300] (182.0s) - Loss: 3.8148 (Fuse: 0.3371, Sep: 1.5814, PRM: 1.8964) | LR: 0.000005
Epoch [297/300] (182.3s) - Loss: 3.8056 (Fuse: 0.3354, Sep: 1.5783, PRM: 1.8919) | LR: 0.000004
Epoch [298/300] (182.3s) - Loss: 3.8382 (Fuse: 0.3433, Sep: 1.5907, PRM: 1.9042) | LR: 0.000003
Epoch [299/300] (182.3s) - Loss: 3.8011 (Fuse: 0.3361, Sep: 1.5746, PRM: 1.8905) | LR: 0.000002
Epoch [300/300] (182.9s) - Loss: 3.8114 (Fuse: 0.3315, Sep: 1.5882, PRM: 1.8918) | LR: 0.000001
[Validation] Evaluating epoch 300...
[Validation] Epoch [300/300] - Mean Dice: 0.8359 (WT: 0.9091, TC: 0.8434, ET: 0.7552) | HD95: 14.06
[Validation] New best model saved to checkpoints/mmformer/model_best.pth with Mean Dice: 0.8359
============================================================
Training complete in 16.57 hours.
Best Validation Mean Dice: 0.8359
Checkpoints saved in: checkpoints/mmformer
============================================================
